// Jest Snapshot v1, https://goo.gl/fbAQLP

exports[`Animation 1`] = `
Map {
  "-webkit-animation" => "none",
  "animation" => "none",
}
`;

exports[`Animation 2`] = `
Map {
  "@-webkit-keyframes bounce" => Object {
    "0%, 100%": Object {
      "-webkit-animation-timing-function": "cubic-bezier(0.8,0,1,1)",
      "-webkit-transform": "translateY(-25%)",
      "animationTimingFunction": "cubic-bezier(0.8,0,1,1)",
      "transform": "translateY(-25%)",
    },
    "50%": Object {
      "-webkit-animation-timing-function": "cubic-bezier(0,0,0.2,1)",
      "-webkit-transform": "translateY(0)",
      "animationTimingFunction": "cubic-bezier(0,0,0.2,1)",
      "transform": "translateY(0)",
    },
  },
  "@keyframes bounce" => Object {
    "0%, 100%": Object {
      "-webkit-animation-timing-function": "cubic-bezier(0.8,0,1,1)",
      "-webkit-transform": "translateY(-25%)",
      "animationTimingFunction": "cubic-bezier(0.8,0,1,1)",
      "transform": "translateY(-25%)",
    },
    "50%": Object {
      "-webkit-animation-timing-function": "cubic-bezier(0,0,0.2,1)",
      "-webkit-transform": "translateY(0)",
      "animationTimingFunction": "cubic-bezier(0,0,0.2,1)",
      "transform": "translateY(0)",
    },
  },
  "-webkit-animation" => "bounce 1s infinite",
  "animation" => "bounce 1s infinite",
}
`;

exports[`Animation 3`] = `
Map {
  "@-webkit-keyframes flip" => Object {
    "40%": Object {
      "-webkit-animation-timing-function": "ease-out",
      "-webkit-transform": "perspective(400px) scale3d(1, 1, 1) translate3d(0, 0, 150px) rotate3d(0, 1, 0, -190deg)",
      "animationTimingFunction": "ease-out",
      "transform": "perspective(400px) scale3d(1, 1, 1) translate3d(0, 0, 150px) rotate3d(0, 1, 0, -190deg)",
    },
    "50%": Object {
      "-webkit-animation-timing-function": "ease-in",
      "-webkit-transform": "perspective(400px) scale3d(1, 1, 1) translate3d(0, 0, 150px) rotate3d(0, 1, 0, -170deg)",
      "animationTimingFunction": "ease-in",
      "transform": "perspective(400px) scale3d(1, 1, 1) translate3d(0, 0, 150px) rotate3d(0, 1, 0, -170deg)",
    },
    "80%": Object {
      "-webkit-animation-timing-function": "ease-in",
      "-webkit-transform": "perspective(400px) scale3d(0.95, 0.95, 0.95) translate3d(0, 0, 0) rotate3d(0, 1, 0, 0deg)",
      "animationTimingFunction": "ease-in",
      "transform": "perspective(400px) scale3d(0.95, 0.95, 0.95) translate3d(0, 0, 0) rotate3d(0, 1, 0, 0deg)",
    },
    "from": Object {
      "-webkit-animation-timing-function": "ease-out",
      "-webkit-transform": "perspective(400px) scale3d(1, 1, 1) translate3d(0, 0, 0) rotate3d(0, 1, 0, -360deg)",
      "animationTimingFunction": "ease-out",
      "transform": "perspective(400px) scale3d(1, 1, 1) translate3d(0, 0, 0) rotate3d(0, 1, 0, -360deg)",
    },
    "to": Object {
      "-webkit-animation-timing-function": "ease-in",
      "-webkit-transform": "perspective(400px) scale3d(1, 1, 1) translate3d(0, 0, 0) rotate3d(0, 1, 0, 0deg)",
      "animationTimingFunction": "ease-in",
      "transform": "perspective(400px) scale3d(1, 1, 1) translate3d(0, 0, 0) rotate3d(0, 1, 0, 0deg)",
    },
  },
  "@keyframes flip" => Object {
    "40%": Object {
      "-webkit-animation-timing-function": "ease-out",
      "-webkit-transform": "perspective(400px) scale3d(1, 1, 1) translate3d(0, 0, 150px) rotate3d(0, 1, 0, -190deg)",
      "animationTimingFunction": "ease-out",
      "transform": "perspective(400px) scale3d(1, 1, 1) translate3d(0, 0, 150px) rotate3d(0, 1, 0, -190deg)",
    },
    "50%": Object {
      "-webkit-animation-timing-function": "ease-in",
      "-webkit-transform": "perspective(400px) scale3d(1, 1, 1) translate3d(0, 0, 150px) rotate3d(0, 1, 0, -170deg)",
      "animationTimingFunction": "ease-in",
      "transform": "perspective(400px) scale3d(1, 1, 1) translate3d(0, 0, 150px) rotate3d(0, 1, 0, -170deg)",
    },
    "80%": Object {
      "-webkit-animation-timing-function": "ease-in",
      "-webkit-transform": "perspective(400px) scale3d(0.95, 0.95, 0.95) translate3d(0, 0, 0) rotate3d(0, 1, 0, 0deg)",
      "animationTimingFunction": "ease-in",
      "transform": "perspective(400px) scale3d(0.95, 0.95, 0.95) translate3d(0, 0, 0) rotate3d(0, 1, 0, 0deg)",
    },
    "from": Object {
      "-webkit-animation-timing-function": "ease-out",
      "-webkit-transform": "perspective(400px) scale3d(1, 1, 1) translate3d(0, 0, 0) rotate3d(0, 1, 0, -360deg)",
      "animationTimingFunction": "ease-out",
      "transform": "perspective(400px) scale3d(1, 1, 1) translate3d(0, 0, 0) rotate3d(0, 1, 0, -360deg)",
    },
    "to": Object {
      "-webkit-animation-timing-function": "ease-in",
      "-webkit-transform": "perspective(400px) scale3d(1, 1, 1) translate3d(0, 0, 0) rotate3d(0, 1, 0, 0deg)",
      "animationTimingFunction": "ease-in",
      "transform": "perspective(400px) scale3d(1, 1, 1) translate3d(0, 0, 0) rotate3d(0, 1, 0, 0deg)",
    },
  },
  "-webkit-animation" => "flip",
  "animation" => "flip",
  "backfaceVisibility" => "visible",
}
`;

exports[`Animation 4`] = `
Map {
  "@-webkit-keyframes backInUp" => Object {
    "0%": Object {
      "-webkit-transform": "translateY(1200px) scale(0.7)",
      "opacity": "0.7",
      "transform": "translateY(1200px) scale(0.7)",
    },
    "100%": Object {
      "-webkit-transform": "scale(1)",
      "opacity": "1",
      "transform": "scale(1)",
    },
    "80%": Object {
      "-webkit-transform": "translateY(0px) scale(0.7)",
      "opacity": "0.7",
      "transform": "translateY(0px) scale(0.7)",
    },
  },
  "@keyframes backInUp" => Object {
    "0%": Object {
      "-webkit-transform": "translateY(1200px) scale(0.7)",
      "opacity": "0.7",
      "transform": "translateY(1200px) scale(0.7)",
    },
    "100%": Object {
      "-webkit-transform": "scale(1)",
      "opacity": "1",
      "transform": "scale(1)",
    },
    "80%": Object {
      "-webkit-transform": "translateY(0px) scale(0.7)",
      "opacity": "0.7",
      "transform": "translateY(0px) scale(0.7)",
    },
  },
  "-webkit-animation" => "backInUp",
  "animation" => "backInUp",
}
`;

exports[`Build Animation Keyframes 1`] = `
".animate-none {
  -webkit-animation: none;
  animation: none;
}"
`;

exports[`Build Animation Keyframes 2`] = `
"@-webkit-keyframes spin {
  from {
    -webkit-transform: rotate(0deg);
    transform: rotate(0deg);
  }
  to {
    -webkit-transform: rotate(360deg);
    transform: rotate(360deg);
  }
}

@keyframes spin {
  from {
    -webkit-transform: rotate(0deg);
    transform: rotate(0deg);
  }
  to {
    -webkit-transform: rotate(360deg);
    transform: rotate(360deg);
  }
}

.animate-spin {
  -webkit-animation: spin 1s linear infinite;
  animation: spin 1s linear infinite;
}"
`;

exports[`Build Animation Keyframes 3`] = `
"@-webkit-keyframes flip {
  from {
    -webkit-animation-timing-function: ease-out;
    -webkit-transform: perspective(400px) scale3d(1, 1, 1) translate3d(0, 0, 0) rotate3d(0, 1, 0, -360deg);
    transform: perspective(400px) scale3d(1, 1, 1) translate3d(0, 0, 0) rotate3d(0, 1, 0, -360deg);
    animation-timing-function: ease-out;
  }
  40% {
    -webkit-animation-timing-function: ease-out;
    -webkit-transform: perspective(400px) scale3d(1, 1, 1) translate3d(0, 0, 150px) rotate3d(0, 1, 0, -190deg);
    transform: perspective(400px) scale3d(1, 1, 1) translate3d(0, 0, 150px) rotate3d(0, 1, 0, -190deg);
    animation-timing-function: ease-out;
  }
  50% {
    -webkit-animation-timing-function: ease-in;
    -webkit-transform: perspective(400px) scale3d(1, 1, 1) translate3d(0, 0, 150px) rotate3d(0, 1, 0, -170deg);
    transform: perspective(400px) scale3d(1, 1, 1) translate3d(0, 0, 150px) rotate3d(0, 1, 0, -170deg);
    animation-timing-function: ease-in;
  }
  80% {
    -webkit-animation-timing-function: ease-in;
    -webkit-transform: perspective(400px) scale3d(0.95, 0.95, 0.95) translate3d(0, 0, 0) rotate3d(0, 1, 0, 0deg);
    transform: perspective(400px) scale3d(0.95, 0.95, 0.95) translate3d(0, 0, 0) rotate3d(0, 1, 0, 0deg);
    animation-timing-function: ease-in;
  }
  to {
    -webkit-animation-timing-function: ease-in;
    -webkit-transform: perspective(400px) scale3d(1, 1, 1) translate3d(0, 0, 0) rotate3d(0, 1, 0, 0deg);
    transform: perspective(400px) scale3d(1, 1, 1) translate3d(0, 0, 0) rotate3d(0, 1, 0, 0deg);
    animation-timing-function: ease-in;
  }
}

@keyframes flip {
  from {
    -webkit-animation-timing-function: ease-out;
    -webkit-transform: perspective(400px) scale3d(1, 1, 1) translate3d(0, 0, 0) rotate3d(0, 1, 0, -360deg);
    transform: perspective(400px) scale3d(1, 1, 1) translate3d(0, 0, 0) rotate3d(0, 1, 0, -360deg);
    animation-timing-function: ease-out;
  }
  40% {
    -webkit-animation-timing-function: ease-out;
    -webkit-transform: perspective(400px) scale3d(1, 1, 1) translate3d(0, 0, 150px) rotate3d(0, 1, 0, -190deg);
    transform: perspective(400px) scale3d(1, 1, 1) translate3d(0, 0, 150px) rotate3d(0, 1, 0, -190deg);
    animation-timing-function: ease-out;
  }
  50% {
    -webkit-animation-timing-function: ease-in;
    -webkit-transform: perspective(400px) scale3d(1, 1, 1) translate3d(0, 0, 150px) rotate3d(0, 1, 0, -170deg);
    transform: perspective(400px) scale3d(1, 1, 1) translate3d(0, 0, 150px) rotate3d(0, 1, 0, -170deg);
    animation-timing-function: ease-in;
  }
  80% {
    -webkit-animation-timing-function: ease-in;
    -webkit-transform: perspective(400px) scale3d(0.95, 0.95, 0.95) translate3d(0, 0, 0) rotate3d(0, 1, 0, 0deg);
    transform: perspective(400px) scale3d(0.95, 0.95, 0.95) translate3d(0, 0, 0) rotate3d(0, 1, 0, 0deg);
    animation-timing-function: ease-in;
  }
  to {
    -webkit-animation-timing-function: ease-in;
    -webkit-transform: perspective(400px) scale3d(1, 1, 1) translate3d(0, 0, 0) rotate3d(0, 1, 0, 0deg);
    transform: perspective(400px) scale3d(1, 1, 1) translate3d(0, 0, 0) rotate3d(0, 1, 0, 0deg);
    animation-timing-function: ease-in;
  }
}

.animate-flip {
  -webkit-animation: flip;
  animation: flip;
  backface-visibility: visible;
}"
`;
